id;vek;hmotnost;umela_plucna_ventilacia;diagnozy;vykony;drg;ms
P019/HP663449;80;;0;N178~D508~E1160~I1000~I480~N183;14n112&Z&20220209~14n111&Z&20220209~3122440&Z&20220209~312247&Z&20220209~312248&Z&20220209~3122430&Z&20220209~312242&Z&20220209~8r23410&Z&20220211;L60D;S28-66~S28-66~S30-08
P063/HP678806;63;;0;M8008~M4856;330007&Z&20221005~330114&Z&20221011~311201&Z&20221011;I69B;S29-13
P017/HP223780;75;;0;H058~E782~E790~H162~H405~H532~K219~M5496~N119~N182;331102&B&20220103~331101&B&20220103;C63Z;S04-29
P067/HP354818;50;;0;D251~R103;8t901&Z&20220608~5q42714&Z&20220608;N21Z;S10-37~S10-23
P027/HP613843;0;2520.0;0;Z380~P050~Z138;;P67D;S48-04
P032/HP22375;1;;0;J040~U071;;D63Z;S63-40
P035/HP699866;52;;0;G448;;B77Z;S37-09
P063/HP678762;34;;0;M544;340142&Z&20221004~8n900&Z&20221005~8n288&Z&20221005~8n213&Z&20221005~8n2361&Z&20221005;I68D;S37-13
P005/HP257899;57;;0;C541~A040~C778~C786~C796~C7988~E8359~K210~R11~R18~Z924;8z060&Z&20211230~920011&Z&20211230;N60A;S40-16
